// Jest Snapshot v1, https://goo.gl/fbAQLP

exports[`When the component is created Renders as expected 1`] = `null`;
