// Jest Snapshot v1, https://goo.gl/fbAQLP

exports[`FilterableSearch with snapshots should render correctly 1`] = `
<FilterableSearch
  filterChoices={
    Array [
      Object {
        "checked": false,
        "label": "Filter 1",
        "value": "FILTER1",
      },
      Object {
        "checked": false,
        "label": "Filter 2",
        "value": "FILTER2",
      },
    ]
  }
  handleFilterChange={[MockFunction]}
  handleSearch={[MockFunction]}
  placeholder="Search"
>
  <div
    className="FilterableSearch"
  >
    <Input
      error={false}
      onKeyDown={[Function]}
      placeholder="Search"
    >
      <div
        className="input-wrapper"
      >
        <input
          className="input"
          onChange={[Function]}
          onKeyDown={[Function]}
          placeholder="Search"
          type="text"
          value=""
        />
        <div
          className="input-icon"
          dangerouslySetInnerHTML={
            Object {
              "__html": "<svg version=\\"1.1\\" xmlns=\\"http://www.w3.org/2000/svg\\" viewBox=\\"0 0 24 24\\"><title>x</title><path d=\\"M13.4 12l5.3-5.3c0.4-0.4 0.4-1 0-1.4s-1-0.4-1.4 0l-5.3 5.3-5.3-5.3c-0.4-0.4-1-0.4-1.4 0s-0.4 1 0 1.4l5.3 5.3-5.3 5.3c-0.4 0.4-0.4 1 0 1.4 0.2 0.2 0.4 0.3 0.7 0.3s0.5-0.1 0.7-0.3l5.3-5.3 5.3 5.3c0.2 0.2 0.5 0.3 0.7 0.3s0.5-0.1 0.7-0.3c0.4-0.4 0.4-1 0-1.4l-5.3-5.3z\\"></path></svg>",
            }
          }
        />
      </div>
    </Input>
    <SearchButton>
      <button
        className="FilterableSearch__btn"
        onClick={[MockFunction]}
        type="button"
      >
        Search
      </button>
    </SearchButton>
    <div>
      <DropdownToggle>
        <button
          className="FilterableSearch__dropdown-toggle"
          onClick={[Function]}
          type="button"
        >
          <div
            className="FilterableSearch__dropdown-toggle-icon"
            dangerouslySetInnerHTML={
              Object {
                "__html": "<svg version=\\"1.1\\" xmlns=\\"http://www.w3.org/2000/svg\\" viewBox=\\"0 0 24 24\\"><title>chevron-down</title><path d=\\"M18.7 8.3c-0.4-0.4-1-0.4-1.4 0l-5.3 5.3-5.3-5.3c-0.4-0.4-1-0.4-1.4 0s-0.4 1 0 1.4l6 6c0.2 0.2 0.5 0.3 0.7 0.3s0.5-0.1 0.7-0.3l6-6c0.4-0.4 0.4-1 0-1.4z\\"></path></svg>",
              }
            }
          />
        </button>
      </DropdownToggle>
      <DropdownMenu
        show={false}
      >
        <ul
          className="FilterableSearch__dropdown-menu"
        >
          <li
            className="FilterableSearch__dropdown-menu-item"
            key="FILTER1"
          >
            <label
              className="FilterableSearch__dropdown-menu-item-label"
              htmlFor="FILTER10"
            >
              <Checkbox
                checked={false}
                name="FILTER10"
                onChange={[Function]}
              >
                <div
                  className="Checkbox"
                  onClick={[Function]}
                >
                  <input
                    checked={false}
                    className="Checkbox__checkbox"
                    readOnly={true}
                    type="checkbox"
                  />
                  <div
                    className="Checkbox__svg-wrapper"
                  >
                    <svg
                      className="Checkbox__svg-icon Checkbox__svg-icon--checked"
                      dangerouslySetInnerHTML={
                        Object {
                          "__html": "<svg version=\\"1.1\\" xmlns=\\"http://www.w3.org/2000/svg\\" viewBox=\\"0 0 24 24\\"><title>check</title><path d=\\"M20.7 5.3c-0.4-0.4-1-0.4-1.4 0l-10.3 10.3-4.3-4.3c-0.4-0.4-1-0.4-1.4 0s-0.4 1 0 1.4l5 5c0.2 0.2 0.4 0.3 0.7 0.3s0.5-0.1 0.7-0.3l11-11c0.4-0.4 0.4-1 0-1.4z\\"></path></svg>",
                        }
                      }
                    />
                  </div>
                </div>
              </Checkbox>
              <span
                className="FilterableSearch__dropdown-menu-item-label-text"
              >
                Filter 1
              </span>
            </label>
          </li>
          <li
            className="FilterableSearch__dropdown-menu-item"
            key="FILTER2"
          >
            <label
              className="FilterableSearch__dropdown-menu-item-label"
              htmlFor="FILTER21"
            >
              <Checkbox
                checked={false}
                name="FILTER21"
                onChange={[Function]}
              >
                <div
                  className="Checkbox"
                  onClick={[Function]}
                >
                  <input
                    checked={false}
                    className="Checkbox__checkbox"
                    readOnly={true}
                    type="checkbox"
                  />
                  <div
                    className="Checkbox__svg-wrapper"
                  >
                    <svg
                      className="Checkbox__svg-icon Checkbox__svg-icon--checked"
                      dangerouslySetInnerHTML={
                        Object {
                          "__html": "<svg version=\\"1.1\\" xmlns=\\"http://www.w3.org/2000/svg\\" viewBox=\\"0 0 24 24\\"><title>check</title><path d=\\"M20.7 5.3c-0.4-0.4-1-0.4-1.4 0l-10.3 10.3-4.3-4.3c-0.4-0.4-1-0.4-1.4 0s-0.4 1 0 1.4l5 5c0.2 0.2 0.4 0.3 0.7 0.3s0.5-0.1 0.7-0.3l11-11c0.4-0.4 0.4-1 0-1.4z\\"></path></svg>",
                        }
                      }
                    />
                  </div>
                </div>
              </Checkbox>
              <span
                className="FilterableSearch__dropdown-menu-item-label-text"
              >
                Filter 2
              </span>
            </label>
          </li>
        </ul>
      </DropdownMenu>
    </div>
  </div>
</FilterableSearch>
`;
