// Jest Snapshot v1, https://goo.gl/fbAQLP

exports[`Toggle with snapshots should render correctly 1`] = `
<Toggle
  checked={true}
  name="toggle"
  onChange={[MockFunction]}
  onClick={null}
  size={null}
  uppercase={false}
  variant={null}
>
  <div
    aria-checked={true}
    className="toggle"
    onClick={[MockFunction]}
    onKeyPress={[MockFunction]}
    role="checkbox"
    tabIndex={0}
  >
    <label
      className="toggle__switch"
    >
      <input
        className="toggle__input"
        type="checkbox"
      />
      <span
        className="toggle__slider"
      />
    </label>
  </div>
</Toggle>
`;
