// Jest Snapshot v1, https://goo.gl/fbAQLP

exports[`SmallTitle should render without crashing 1`] = `
<h2
  className="small-title"
>
  Title
</h2>
`;
