// Jest Snapshot v1, https://goo.gl/fbAQLP

exports[`TextField should render without crashing 1`] = `
<TextField
  align="left"
  error={false}
  helper=""
  onBlur={[MockFunction]}
  onChange={[MockFunction]}
  onFocus={[MockFunction]}
  placeholder=""
  removeMargin={false}
  type="text"
  value=""
  variant="dark"
>
  <div
    className="text-field text-field--dark"
  >
    <div
      className="text-field__label"
    />
    <div
      className="text-field__helper"
    />
    <input
      className="text-field__input"
      onBlur={[Function]}
      onChange={[Function]}
      onFocus={[Function]}
      placeholder=""
      type="text"
      value=""
    />
    <TrailingIcon>
      <div
        className="text-field__icon"
        dangerouslySetInnerHTML={
          Object {
            "__html": undefined,
          }
        }
      />
    </TrailingIcon>
  </div>
</TextField>
`;
